ret > ExitSuccess
out > The full path name will be /tmp/surname1-surname2-2017.title.pdf
out >
