ret > ExitSuccess
out > The full path name will be /tmp/surname1-surname2-no-year.title.pdf
out >
