ret > ExitSuccess
out > The full path name will be /tmp/omegaalphaomega-2017.omegaalphaomega.pdf
out >
