ret > ExitSuccess
out > The full path name will be /tmp/stark-2017.stark.pdf
out >
