ret > ExitSuccess
out > The full path name will be /tmp/begrundung-2017.begrundung.pdf
out >
