ret > ExitSuccess
out > The full path name will be /tmp/author-no-year.tertium-non-datur.pdf
out >
