ret > ExitSuccess
out > The full path name will be /tmp/author-no-year.the-hello-word-program.pdf
out >
