ret > ExitSuccess
out > The full path name will be /tmp/martin-lof-2010.introduction-to-the-lambda-calculus.pdf
out >
