ret > ExitSuccess
out > The full path name will be /tmp/aeiounuaeiounu-2017.aeiounuaeiounu.pdf
out >
