ret > ExitSuccess
out > The full path name will be /tmp/pegourie-2017.ecoute.pdf
out >
