ret > ExitSuccess
out > The full path name will be /tmp/godel-2017.godel.pdf
out >
