ret > ExitSuccess
out > The full path name will be /tmp/marin-suarez-2017.marin-suarez.pdf
out >
