ret > ExitSuccess
out > The full path name will be /tmp/marin-2017.marin.pdf
out >
