ret > ExitSuccess
out > The full path name will be /tmp/goodel-no-year.goodel.pdf
out >
