ret > ExitSuccess
out > The full path name will be /tmp/suarez-2017.suarez.pdf
out >
