ret > ExitSuccess
out > The full path name will be /tmp/pegourie-2017.pegourie.pdf
out >
