ret > ExitSuccess
out > The full path name will be /tmp/author-2017.the-hello-word-program.pdf
out >
