ret > ExitSuccess
out > The full path name will be /tmp/author-no-year.lambda-calculus.pdf
out >
