ret > ExitSuccess
out > The full path name will be /tmp/author-2017.some-title-0-.pdf
out >
