ret > ExitSuccess
out > The full path name will be /tmp/author-no-year.3.pdf
out >
