ret > ExitSuccess
out > The full path name will be /tmp/author-no-year.title-part-ii.pdf
out >
