ret > ExitSuccess
out > The full path name will be /tmp/author-2017.j-3.pdf
out >
