ret > ExitSuccess
out > The full path name will be /tmp/author-no-year.the--co-datatypes-in-the-title.pdf
out >
