ret > ExitSuccess
out > The full path name will be /tmp/marin-no-year.marin.pdf
out >
