ret > ExitSuccess
out > The full path name will be /tmp/lesniewski-no-year.lesniewski.pdf
out >
