ret > ExitSuccess
out > The full path name will be /tmp/ccee-no-year.ccee.pdf
out >
