ret > ExitSuccess
out > The full path name will be /tmp/sszzooaaoouu-no-year.sszzooaaoouu.pdf
out >
