ret > ExitSuccess
out > The full path name will be /tmp/aaoouussss-no-year.aaoouussss.pdf
out >
