ret > ExitSuccess
out > The full path name will be /tmp/aaethetheeiioouuyythornthornaeaeoo-no-year.aaethetheeiioouuyythornthornaeaeoo.pdf
out >
