ret > ExitSuccess
out > The full path name will be /tmp/k-no-year.k.pdf
out >
