ret > ExitSuccess
out > The full path name will be /tmp/aaaaaaddeeiillnnoooooooooooooorrssttuuyyzz-2017.aaaaaaddeeiillnnoooooooooooooorrssttuuyyzz.pdf
out >
