ret > ExitSuccess
out > The full path name will be /tmp/aacceellnnoosszzzz-2017.aacceellnnoosszzzz.pdf
out >
