ret > ExitSuccess
out > The full path name will be /tmp/aaaaeeiioouuaaeeooaaoocc-2017.aaaaeeiioouuaaeeooaaoocc.pdf
out >
