ret > ExitSuccess
out > The full path name will be /tmp/aaaaiisstt-no-year.aaaaiisstt.pdf
out >
