ret > ExitSuccess
out > The full path name will be /tmp/aaccddengengssttzz-no-year.aaccddengengssttzz.pdf
out >
