ret > ExitSuccess
out > The full path name will be /tmp/aaaaoo-no-year.aaaaoo.pdf
out >
