ret > ExitSuccess
out > The full path name will be /tmp/aaaaddeeoooouu-2017.aaaaddeeoooouu.pdf
out >
