ret > ExitSuccess
out > The full path name will be /tmp/stark-no-year.stark.pdf
out >
