ret > ExitSuccess
out > The full path name will be /tmp/begrundung-no-year.begrundung.pdf
out >
