ret > ExitSuccess
out > The full path name will be /tmp/jaskowski-no-year.jaskowski.pdf
out >
