ret > ExitSuccess
out > The full path name will be /tmp/aaoouussss-2017.aaoouussss.pdf
out >
